{"24": true, "25": true, "26": true, "27": true, "20": true, "21": true, "22": true, "23": true, "28": true, "29": false, "0": false, "4": false, "8": false, "59": true, "58": true, "55": false, "54": false, "57": true, "56": false, "51": true, "50": true, "53": false, "52": false, "88": true, "89": true, "82": true, "83": true, "80": true, "81": true, "86": true, "87": true, "84": true, "85": true, "3": false, "7": false, "39": false, "38": false, "33": false, "32": false, "31": false, "30": false, "37": false, "36": false, "35": false, "34": false, "60": true, "61": true, "62": true, "63": true, "64": false, "65": true, "66": true, "67": false, "68": false, "69": true, "2": false, "6": false, "99": true, "98": true, "91": true, "90": true, "93": true, "92": true, "95": true, "94": true, "97": true, "96": true, "11": false, "10": false, "13": false, "12": false, "15": false, "14": false, "17": false, "16": false, "19": false, "18": false, "48": true, "49": true, "46": true, "47": true, "44": true, "45": true, "42": true, "43": true, "40": true, "41": true, "1": false, "5": false, "9": false, "77": true, "76": true, "75": true, "74": true, "73": true, "72": true, "71": true, "70": true, "79": false, "78": false}